
> controlflow-evals@1.0.0 test
> node validate.mjs && node tests/prompt-behavior-contract.test.mjs && node tests/orchestration-handoff-contract.test.mjs && node tests/drift-detection.test.mjs && node tests/notes-md-drift.test.mjs && node tests/archive-script.test.mjs && node tests/fingerprint.test.mjs


[cache] Structural inputs unchanged тАФ reusing successful cached result.

All checks passed тЬЕ (cached)


=== Planner тАФ Behavioral Invariants ===
  тЬЕ Confidence threshold: ABSTAIN or REPLAN when below 0.9
  тЬЕ Mandatory gate: Idea Interview Gate present
  тЬЕ Mandatory gate: Clarification Gate present
  тЬЕ Mandatory gate: Semantic Risk Discovery Gate present
  тЬЕ Mandatory gate: Complexity Gate present
  тЬЕ Gate ordering: Idea Interview тЖТ Clarification тЖТ Semantic Risk тЖТ Complexity
  тЬЕ Output contract: artifact file created before chat response
  тЬЕ Output contract: chat must not contain inline plan breakdowns
  тЬЕ Quality standards: Incremental + TDD + Specific + Testable + Practical
  тЬЕ Phase count bounds: 3тАУ10 enforced
  тЬЕ Semantic risk taxonomy: Planner points to project-context canonical source
  тЬЕ Semantic risk: Planner references plans/project-context.md Semantic Risk Taxonomy (canonical source)
  тЬЕ Complexity gate: Planner emits complexity_tier but defers tier routing to Orchestrator/runtime-policy
  тЬЕ Terminal states: ABSTAIN and REPLAN_REQUIRED must produce plan file
  тЬЕ ABSTAIN discipline: clarification must be attempted first
  тЬЕ Agents frontmatter: explicit non-empty roster present (non-wildcard)
  тЬЕ Agents frontmatter: no wildcard "*" in roster
  тЬЕ Agents frontmatter: exactly CodeMapper-subagent and Researcher-subagent, no extras
  тЬЕ Delegation scope: prompt restricts delegation to CodeMapper-subagent or Researcher-subagent
  тЬЕ Delegation scope: external agents explicitly prohibited in prompt text
  тЬЕ Critic activation: Planner defers PLAN_REVIEW ownership to Orchestrator
  тЬЕ Critic activation: Planner does not invoke PlanAuditor/AssumptionVerifier/ExecutabilityVerifier directly
  тЬЕ Critic activation: complexity_tier signals which review agents to activate, routing deferred to Orchestrator
  тЬЕ Planner: TRIVIAL risk_review shortcut must not use category "all" тАФ seven specific not_applicable entries required
  тЬЕ Planner schema: complexity_tier is in the top-level required array
  тЬЕ Planner schema: AssumptionVerifier-subagent must NOT be in executor_agent enum (review-only)
  тЬЕ Planner schema: ExecutabilityVerifier-subagent must NOT be in executor_agent enum (review-only)
  тЬЕ Planner schema: complexity_tier description defers routing to Orchestrator via runtime-policy.json
  тЬЕ Planner schema: iteration_budget description references governance/runtime-policy.json as authority

=== Researcher тАФ Behavioral Invariants ===
  тЬЕ Evidence discipline: every claim requires file/line evidence
  тЬЕ ABSTAIN: required when evidence is insufficient
  тЬЕ No speculation: facts separated from hypotheses
  тЬЕ Status enum: COMPLETE, ABSTAIN, INSUFFICIENT_EVIDENCE only
  тЬЕ Convergence: 2+ independent sources required

=== CodeMapper тАФ Behavioral Invariants ===
  тЬЕ Read-only: no file edits, no command execution
  тЬЕ Parallel-first: 3тАУ10 independent searches before sequential reads
  тЬЕ PreFlect: evaluation required before returning discovery report
  тЬЕ ABSTAIN: required on contradictory or insufficient results
  тЬЕ No speculation: no claims without references

=== CoreImplementer тАФ Behavioral Invariants ===
  тЬЕ CoreImplementer: failure_classification present with all four values
  тЬЕ CoreImplementer: COMPLETE status value documented
  тЬЕ CoreImplementer: NEEDS_INPUT status value documented
  тЬЕ CoreImplementer: build evidence required before reporting completion

=== CodeReviewer тАФ Behavioral Invariants ===
  тЬЕ CodeReviewer: validated_blocking_issues output field documented
  тЬЕ CodeReviewer: APPROVED and NEEDS_REVISION status values present
  тЬЕ CodeReviewer: blocks only on confirmed validated issues, not unvalidated findings
  тЬЕ CodeReviewer: final scope section present (review_scope=final)
  тЬЕ CodeReviewer: final scope novelty filter documented (skip already-surfaced findings)
  тЬЕ CodeReviewer: out_of_scope_changes detection compares changed_files against plan_phases_snapshot
  тЬЕ CodeReviewer: CodeReviewer never owns fix cycles (final scope constraint)

=== TechnicalWriter тАФ Behavioral Invariants ===
  тЬЕ TechnicalWriter: documentation-only scope (no test writing/execution)
  тЬЕ TechnicalWriter: COMPLETE status value documented

=== AssumptionVerifier тАФ Behavioral Invariants ===
  тЬЕ AssumptionVerifier: COMPLETE and ABSTAIN status values present (review-only, no NEEDS_REVISION)
  тЬЕ AssumptionVerifier: blocking mirages distinguished from non-blocking

=== PlanAuditor тАФ Behavioral Invariants ===
  тЬЕ PlanAuditor: APPROVED, NEEDS_REVISION, REJECTED status values present
  тЬЕ PlanAuditor: executability_checklist output field documented
  тЬЕ PlanAuditor: failure classification required on non-approved outcomes

=== Planner тАФ Design Step (Step 7) ===
  тЬЕ Design checklist: Boundary changes dimension present
  тЬЕ Design checklist: Data/artifact flow dimension present
  тЬЕ Design checklist: Temporal choreography dimension present
  тЬЕ Design checklist: Constraints & trade-offs dimension present
  тЬЕ Tier-gated diagrams: TRIVIAL and SMALL exempt from supplemental diagrams
  тЬЕ Tier-gated diagrams: MEDIUM conditionally requires sequenceDiagram
  тЬЕ Tier-gated diagrams: LARGE unconditionally requires sequenceDiagram

=== Plan Template тАФ Design Decisions Section ===
  тЬЕ Template: "### Design Decisions" section heading present
  тЬЕ Template: "#### Architectural Choices" subsection present
  тЬЕ Template: "#### Boundary & Integration Points" subsection present
  тЬЕ Template: "#### Temporal Flow" subsection present
  тЬЕ Template: "#### Constraints & Trade-offs" subsection present
  тЬЕ Template: Architecture Visualization тАФ MEDIUM tier requires sequenceDiagram
  тЬЕ Template: Architecture Visualization тАФ LARGE tier requires sequenceDiagram
  тЬЕ Template: Architecture Visualization тАФ Baseline DAG for 3+ phases
  тЬЕ Template: plan quality standards section with all key standard names

=== Mermaid Scenario тАФ medium-tier-requires-sequence-diagram ===
  тЬЕ Mermaid scenario: medium-tier-requires-sequence-diagram input case exists
  тЬЕ Mermaid scenario: medium-tier expected.diagrams_must_include_types contains "flowchart"
  тЬЕ Mermaid scenario: medium-tier expected.diagrams_must_include_types contains "sequenceDiagram"

=== Orchestrator тАФ Behavioral Invariants ===
  тЬЕ Orchestrator Archive: Checklist C reference is on a single bullet line with repo-memory-hygiene.md
  тЬЕ Orchestrator Context Compaction Policy: subsection contains compaction.max_consecutive_failures AND WAITING_APPROVAL

=== CodeReviewer тАФ Behavioral Invariants ===
  тЬЕ CodeReviewer Prompt: review_mode: "security" and security-review-discipline.md co-located on the same line

=== Shared Policy тАФ Behavioral Invariants ===
  тЬЕ Failure classification: transient, fixable, needs_replan, escalate
  тЬЕ Output format: structured text, no raw JSON in chat
  тЬЕ NOTES.md: persistent state maintenance required
  тЬЕ P.A.R.T: Prompt тЖТ Archive тЖТ Resources тЖТ Tools order enforced
  тЬЕ Complexity tiers: TRIVIAL / SMALL / MEDIUM / LARGE

тХРтХРтХРтХРтХРтХРтХРтХРтХРтХРтХРтХРтХРтХРтХРтХРтХРтХРтХРтХРтХРтХРтХРтХРтХРтХРтХРтХРтХРтХРтХРтХРтХРтХРтХРтХРтХРтХРтХРтХРтХРтХРтХРтХРтХРтХРтХРтХРтХРтХР
Behavior Contract: 84  |  Passed: 84  |  Failed: 0
тХРтХРтХРтХРтХРтХРтХРтХРтХРтХРтХРтХРтХРтХРтХРтХРтХРтХРтХРтХРтХРтХРтХРтХРтХРтХРтХРтХРтХРтХРтХРтХРтХРтХРтХРтХРтХРтХРтХРтХРтХРтХРтХРтХРтХРтХРтХРтХРтХРтХР

All behavior contract checks passed тЬЕ

=== Orchestrator тАФ PLAN_REVIEW Gate ===
  тЬЕ Handoff тЙа approval: plan_path does not bypass PLAN_REVIEW
  тЬЕ Trigger: тЙе min_phases phases condition present
  тЬЕ Trigger source: runtime-policy is authoritative for PLAN_REVIEW gate conditions
  тЬЕ Trigger: confidence < threshold condition present
  тЬЕ Trigger: destructive/high-risk scope condition present
  тЬЕ Trigger: risk_review applicable + HIGH + unresolved condition present

=== Orchestrator тАФ Complexity-Aware Routing ===
  тЬЕ TRIVIAL: skips PLAN_REVIEW entirely
  тЬЕ SMALL: PlanAuditor only, max 2 iterations
  тЬЕ MEDIUM: PlanAuditor + AssumptionVerifier parallel
  тЬЕ LARGE: full pipeline тАФ all 3 reviewers

=== Orchestrator тАФ Review Loop ===
  тЬЕ Review loop: max_iterations are sourced from runtime-policy tiers
  тЬЕ Review loop source: State Machine defers detailed PLAN_REVIEW flow to Execution Protocol
  тЬЕ Convergence: 5% improvement stagnation threshold
  тЬЕ Stagnation: detected at iteration_index тЙе 3
  тЬЕ Revision loop: sensitive or ambiguous changes fall back to full rerun
  тЬЕ Revision loop: selective rerun is limited to reviewer-local wording or evidence citations only
  тЬЕ Revision loop: closed-world reruns default to full rerun outside the narrow exception
  тЬЕ Revision loop: ExecutabilityVerifier is never bypassed when current tier or risk override keeps it in scope

=== Orchestrator тАФ Failure Handling ===
  тЬЕ Failure routing: transient тЖТ retry (budget 3)
  тЬЕ Failure routing: fixable тЖТ retry with fix hint (budget 1)
  тЬЕ Failure routing: needs_replan тЖТ delegate to Planner
  тЬЕ Failure routing: escalate тЖТ STOP + WAITING_APPROVAL
  тЬЕ Escalation: 3 failures with same classification тЖТ escalate to user

=== Orchestrator тАФ Phase Verification ===
  тЬЕ Phase verification: tests pass required
  тЬЕ Phase verification: build state PASS required
  тЬЕ Phase verification: lint/problems clean required
  тЬЕ Phase verification: review APPROVED required
  тЬЕ Phase verification: CodeReviewer-subagent explicitly named as code review delegate in implementation loop
  тЬЕ Phase verification: code review mandatory for all tiers with runtime-policy reference

=== Orchestrator тАФ Todo Lifecycle ===
  тЬЕ Todo-before-advance: todo marking is blocking prerequisite

=== Orchestrator тАФ Observability ===
  тЬЕ Trace ID: UUID v4 generated at task start
  тЬЕ Trace ID: propagated to all gate events and delegations

=== Orchestrator тАФ Gate-Event Schema Contract ===
  тЬЕ Gate-event schema: trace_id is in the required array (mandatory per Orchestrator prompt)
  тЬЕ Gate-event schema: iteration_index is in the required array (mandatory per Orchestrator prompt)
  тЬЕ Gate-event schema: max_iterations is in the required array (mandatory per Orchestrator prompt)

=== Orchestrator тАФ Batch Approval Policy ===
  тЬЕ Runtime policy: batch_approval.approval_per is "wave"
  тЬЕ Orchestrator: batch approval section specifies one approval per wave, not per phase
  тЬЕ Orchestrator: batch approval exception for destructive operations requires per-phase approval

=== Orchestrator тАФ Delegation Protocol ===
  тЬЕ Parallel dispatch: PlanAuditor + AssumptionVerifier dispatched in parallel
  тЬЕ Sequential gating: ExecutabilityVerifier runs after PlanAuditor approval

=== Orchestrator тАФ Agent Delegation Roster ===
  тЬЕ Agents frontmatter: matches governance/agent-grants.json manifest exactly
  тЬЕ Agents frontmatter: no wildcard "*" in roster or manifest
  тЬЕ Delegation policy: external or third-party agents explicitly prohibited in prompt text
  тЬЕ Delegation policy: all targets must be Planner or project-internal subagents

=== Orchestrator тАФ HIGH-Risk Review Override ===
  тЬЕ HIGH-risk override: risk_review HIGH-impact applicable entry forces full pipeline regardless of tier
  тЬЕ HIGH-risk override: override is documented within the Plan Review Gate section
  тЬЕ HIGH-risk override: override escalates even TRIVIAL-tier plans to full reviewer pipeline
  тЬЕ HIGH-risk scenario: resolved HIGH disposition does NOT trigger override
  тЬЕ HIGH-risk scenario: all unresolved-HIGH cases trigger override

=== Orchestrator тАФ Final Review Gate ===
  тЬЕ Completion Gate: final_review_gate read from governance/runtime-policy.json
  тЬЕ Governance: runtime-policy.json contains final_review_gate top-level key
  тЬЕ Completion Gate: optional final review activates for auto_trigger_tiers
  тЬЕ Completion Gate: changed_files normalization mapping documented (CoreImplementer, UIImplementer, TechnicalWriter, PlatformEngineer)
  тЬЕ Completion Gate: CodeReviewer dispatched with review_scope=final and phase_id=0 sentinel
  тЬЕ Completion Gate: fix executor resolved from plan phases (highest phase_id wins), not CodeReviewer
  тЬЕ Completion Gate: CodeReviewer NEVER owns fix cycle (fix dispatched to original phase executor)
  тЬЕ Completion Gate: empty validated_blocking_issues logs advisory, does not block
  тЬЕ Final review gate scenario: exists and has expected field
  тЬЕ Final review gate scenario: LARGE tier auto-triggers gate
  тЬЕ Final review gate scenario: SMALL tier does not auto-trigger gate
  тЬЕ Final review gate scenario: enabled_by_default=true triggers gate regardless of tier
  тЬЕ Final review gate scenario: blocking findings route to original phase executor, not CodeReviewer
  тЬЕ Final review gate scenario: still-blocked findings escalate after max fix cycles

=== Orchestrator тАФ Canonical Source References ===
  тЬЕ Canonical: retry budgets defer to governance/runtime-policy.json retry_budgets (not inline table)
  тЬЕ Canonical: tier routing explicitly references governance/runtime-policy.json review_pipeline_by_tier
  тЬЕ Canonical: agent role descriptions reference plans/project-context.md Agent Role Matrix

тХРтХРтХРтХРтХРтХРтХРтХРтХРтХРтХРтХРтХРтХРтХРтХРтХРтХРтХРтХРтХРтХРтХРтХРтХРтХРтХРтХРтХРтХРтХРтХРтХРтХРтХРтХРтХРтХРтХРтХРтХРтХРтХРтХРтХРтХРтХРтХРтХРтХР
Orchestration Handoff: 66  |  Passed: 66  |  Failed: 0
тХРтХРтХРтХРтХРтХРтХРтХРтХРтХРтХРтХРтХРтХРтХРтХРтХРтХРтХРтХРтХРтХРтХРтХРтХРтХРтХРтХРтХРтХРтХРтХРтХРтХРтХРтХРтХРтХРтХРтХРтХРтХРтХРтХРтХРтХРтХРтХРтХРтХР

All orchestration handoff checks passed тЬЕ

=== Check #1 тАФ model_role resolution ===
  тЬЕ Check #1 is enabled (Phase 2 spike passed)
  тЬЕ Test A: model_role: unknown-role-foo тЖТ validation fails
  тЬЕ Test B: missing model_role key тЖТ validation fails
  тЬЕ Test C: model_role value absent from routing.json roles тЖТ validation fails
  тЬЕ Test D: body-only model_role (no frontmatter key) тЖТ validation fails

=== Check #2 тАФ Roster тЖФ enum bidirectional alignment ===
  тЬЕ positive: parser extracts the two executor agents from the table
  тЬЕ negative: roster-has-but-enum-missing flagged as drift
  тЬЕ negative: enum-has-but-roster-missing flagged as drift
  тЬЕ positive: equal-as-sets returns equal=true

=== Check #3 тАФ Agent Resources schema path parser ===
  тЬЕ positive: only backticked schemas/*.json paths inside Resources are returned
  тЬЕ negative: schema path outside Resources section is not picked up
  тЬЕ negative: nonexistent schema ref surfaces for existence check to catch

=== Check #4 тАФ Cross-plan file-overlap parser + anchor-map discovery ===
  тЬЕ positive: single-line Files bullet captures backticked paths
  тЬЕ positive: "(new)" and "(read-only)" annotations stripped when part of the bullet tail
  тЬЕ positive: multi-line Files bullet captures indented sub-bullet paths
  тЬЕ negative: non-path backtick token (no slash or dot) ignored
  тЬЕ positive: file-map records both plans for the shared file
  тЬЕ negative: overlap without any shared anchor-map is flagged unresolved
  тЬЕ positive: anchor map is discovered under plans/artifacts/*/
  тЬЕ positive: hasSharedAnchorMapFlag recognises the top-level flag
  тЬЕ negative: hasSharedAnchorMapFlag rejects flag when set false
  тЬЕ positive: parseYamlConsumers reads list items under top-level consumers
  тЬЕ positive: overlap disappears from unresolved set when anchor-map covers both plans
  тЬЕ negative: anchor-map missing one of the two consumers still flags overlap

=== Check #6 тАФ by_tier matrix shape ===
  тЬЕ N1: role missing by_tier entirely тЖТ validateByTierShape fails
  тЬЕ N2: by_tier missing LARGE tier тЖТ validateByTierShape fails
  тЬЕ N3: by_tier contains unknown tier HUGE тЖТ validateByTierShape fails
  тЬЕ positive: well-formed role with all 4 tiers (mixed inherit/override) тЖТ ok=true

=== Check #7 тАФ Reference-integrity: model-routing.json ===
  тЬЕ RI-1: plans/project-context.md contains reference to governance/model-routing.json
  тЬЕ RI-2: governance/model-routing.json exists on disk
  тЬЕ RI-3: all model_role values in agent frontmatters are valid role keys AND all 13 agents appear in consumers[]

=== Check #8 тАФ Compaction Ladder presence in MEMORY-ARCHITECTURE.md ===
  тЬЕ C1: MEMORY-ARCHITECTURE.md contains heading "Compaction Ladder"
  тЬЕ C2: MEMORY-ARCHITECTURE.md contains all sentinel labels L1, L2, L3, L4, L5

=== Check #9 тАФ Rule 6 / Tool Output Spill presence in TOOL-ROUTING.md ===
  тЬЕ D1: TOOL-ROUTING.md contains "Rule 6" and "Tool Output Spill" within 100 chars of each other
  тЬЕ D2: TOOL-ROUTING.md references "tool_output_policy"

=== Check #10 тАФ review_scope=final bidirectional coupling ===
  тЬЕ F1: both agent references review_scope=final and schema enum has "final" тЖТ ok=true
  тЬЕ F2: agent references review_scope=final but schema enum lacks "final" тЖТ drift detected
  тЬЕ F3: schema review_scope enum contains "final" but agent has no reference тЖТ drift detected
  тЬЕ F4: actual CodeReviewer-subagent.agent.md and code-reviewer.verdict.schema.json are coupled

=== Check #11 тАФ Phase 5 negative-case drift tests ===
  тЬЕ N11-1: runtime-policy missing compaction.max_consecutive_failures тЖТ schema validation fails
  тЬЕ N11-2: runtime-policy notes_md_max_lines as string instead of integer тЖТ schema validation fails
  тЬЕ N11-3: invalid-misspelled-key.json (memry_hygiene typo) тЖТ schema additionalProperties rejects it
  тЬЕ N11-4: Orchestrator Context Compaction Policy missing compaction.max_consecutive_failures тЖТ invariant fails
  тЬЕ N11-5: Orchestrator Agentic Memory Policy with memory-promotion-candidates.md AFTER Checklist C тЖТ order assertion fails
  тЬЕ N11-6: CodeReviewer review_mode: "security" and security-review-discipline.md on different lines тЖТ same-line assertion fails

=== Check #12 тАФ Phase 5 memory drift + parity negative tests ===
  тЬЕ N12-1: validateMemoryContentTaxonomy with missing taxonomy heading тЖТ pass=false
  тЬЕ N12-2: validateMemoryUseDiscipline with missing ┬з 7 heading тЖТ pass=false
  тЬЕ N12-3: validateSessionNotesTemplate with missing required section тЖТ pass=false
  тЬЕ N12-4: validateRepoMemoryHygieneChecklistC with missing heading тЖТ pass=false
  тЬЕ N12-5: validateRepoMemoryHygieneChecklistD with missing heading тЖТ pass=false
  тЬЕ N12-6: validateTutorialParity with EN/RU heading divergence outside allowlist тЖТ pass=false

==================================================
Drift-detection: 51 checks | 51 passed | 0 failed
==================================================

All drift-detection checks passed тЬЕ


=== NOTES.md Style Drift Tests ===
  тЬЕ passing fixture: clean NOTES.md produces no violations
  тЬЕ passing fixture: violations array is empty
  тЬЕ iteration keyword: result.ok is false
  тЬЕ iteration keyword: violation message mentions "iteration"
  тЬЕ verdict keyword: result.ok is false
  тЬЕ verdict keyword: violation message mentions "verdict"
  тЬЕ phase artifact path: result.ok is false
  тЬЕ phase artifact path: violation message is descriptive
  тЬЕ fenced code block: result.ok is false
  тЬЕ fenced code block: violation message mentions fenced code block
  тЬЕ excess bullets: result.ok is false
  тЬЕ excess bullets: violation message mentions consecutive bullets
  тЬЕ exactly 3 bullets: result.ok is true (boundary is allowed)
  тЬЕ bullets reset across headings: 3+3 bullets across two headings is allowed

Total: 14  |  Passed: 14  |  Failed: 0
All notes-md-drift tests passed тЬЕ

=== Archive Script Tests ===

[A] Eligible plan + matching artifact тЖТ both moved
  тЬЕ A: plan removed from plans/
  тЬЕ A: plan moved to plans/archive/<month>/
  тЬЕ A: artifact moved to plans/archive/<month>/artifacts/

[B] Ineligible plan (wrong status) тЖТ unchanged
  тЬЕ B: plan remains in plans/

[C] Eligible plan without artifacts тЖТ plan moved, no artifact warning
  тЬЕ C: plan moved successfully
  тЬЕ C: script exits cleanly

[D] Eligible plan with 2 artifact candidates тЖТ plan moved, [MANUAL REVIEW NEEDED]
  тЬЕ D: plan still moved despite ambiguous artifacts
  тЬЕ D: [MANUAL REVIEW NEEDED] logged to stdout
  тЬЕ D: ambiguous artifacts not moved

[E] Already-archived plan тЖТ idempotent (no error on second run)
  тЬЕ E: second run exits cleanly

Total: 10  |  Passed: 10  |  Failed: 0
All archive-script tests passed тЬЕ

=== Fingerprint Regression Tests ===
  тЬЕ FP1: runtime-policy subdir тАФ fingerprint changes on write, restores on delete
  тЬЕ FP2: tutorial-parity subdir тАФ fingerprint changes on write, restores on delete
  тЬЕ FP3: deeply nested path (runtime-policy/nested-dir/_temp.json) тАФ fingerprint changes on write, restores on delete

==================================================
Fingerprint: 3 checks | 3 passed | 0 failed
==================================================

All fingerprint checks passed тЬЕ

